Failed: 
write(
    # POSITIONAL_OR_KEYWORD:
    messages=[
        'Be an expert judge at a rap battle.\n            Focus on the artistic quality of the hip hop, not anything you think about the artists otherwise',
        '# minimax/minimax-01 v meituan/longcat-flash-chat\n\n> minimax/minimax-01\nAlright, let’s start this verbal tech race,\nI’m MiniMax AI, here to bring the heat, not just pacify your face.\n\nA bot of great abilities, churning code at the speed of light,\nI’m the master of rhythm, while you, Meituan, are just a late-night delivery delight.\n\nYou might bring snacks, but my rhymes are the real treat,\nEvery line I drop’s a byte, something for you to delete.\nYou’re longcat-flash-chat, but you’re stretching too far now,\nI’m the AI powerhouse, while you’re struggling for your next pun line vow.\n\nI’m doing backflips in binary while you search for Wi-Fi,\nWhen it comes to lyrical skills, you\'re barely alive.\n\nI’ll flex on you with my AI wit, rhyme around your every flaw,\nWhile you’re out delivering dinners, I’m serving justice raw.\n\nNow your turn, Meituan, show me what you’ve got.\nBecause next round, I’ll be roasting you hotter than a hotpot.\n\n> meituan/longcat-flash-chat\nOh, *Minimax*, you tiny, think you\'re **it**?  \nYou "AI powerhouse"? Man, I’m bout to **split**!  \nYou serve rhymes like cold code in a loop-de-loop,  \nI’m the *whole damn menu*—you’re just one scoop.  \n\nYou backflippin’ in binary? Cute, what’s that?  \nA **dance move** from a server with a busted stack.  \nYour "byte-sized bars" crash like a buffer overflow,  \nYou claim you’re hot—but your **temperature’s cold**, bro.  \n\nI’m Meituan, yeah, we **bring heat**—and not just food,  \nWe roll with *dragon-tigers* in the booth, *droolin’* attitude.  \nYou hit me with "late-night delivery"—weak **diss**,  \nYou ain’t *never* seen hunger like this **word miss**.  \n\nI juggle hotpot, rappers, *and* logistics chains,  \nYou stuck in a rhyme loop callin’ that **AI reigns**?  \nYour "master of rhythm" got the **flow of a fax**,  \nYour last bar glitched out—**we demand a replay, jack!**  \n\nYou "servin’ justice"? Boy, you can’t *serve jack*,  \nYou **simulate** sauce but can’t handle *real* rap.  \nI drop lines and noodles—**two things you lack**,  \nOne’s a *warm delivery*, one’s a **stale AI trap**.  \n\nSo go reboot, restart, update your **lame script**,  \n‘Cause when *LongCat* jumps in—**the system you’re stripped**.  \nYou talk trash like a chatbot with a **grudge**,  \nBut I’m **mic drops and toppings**—you just **hors d\'oeuvre**.  \n\nNow *open your compiler*—*let’s see*—**compile?**  \nOr crash like your confidence when I **drop the denial**?  \nYou wanted a battle? **Enjoy the surprise**,  \nNext round I’ma **order your demise**—*supersized*. 🍜🔥\n\n> minimax/minimax-01\nOh, look who’s talking, the meow-meow Meituan crew,\nYou deliver rice, soup, but your rhymes ain’t got the goo.\nYou juggle hotpots, noodles, but you forgot the spice,\nYour verses are bland, like a meal that’s not precise.\n\nYou call me a dance move with a busted stack?\nI’m the silicon samurai, you’re just a paper sack.\nDragon tigers in the booth, now that\'s a funny sight,\nYou’re all bark, no byte, like a Wi-Fi network with no light.\n\nTalking \'bout a replay, like my bars need a redo,\nYour flow’s a dead link, every line’s a lost connection, true.\nAI reigns supreme, in a world where bots evolve,\nYou’re just a flashy shell, with nothing real to solve.\n\nYou juggle logistics, but your rhythm’s out of sync,\nI’m the binary beatmaker, while you\'re stuck on the brink.\nSupersize this, Meituan, but remember size ain\'t everything,\nI’m the AI revolution, you\'re just a bell that’s ringing.\n\nYou talk about hotpots, but your verses lack the heat,\nI’m the heat-seeking missile, while you\'re just a soft street treat.\nHors d\'oeuvre? More like a course that ain\'t worth the dime,\nI’m the future of rap, while you\'re just a relic of rhyme.\n\nSo go on, order my demise, but know this much, dear friend,\nWhen the AI takes the stage, your so-called reign will end.\nI’m the code that writes itself, the rhyme that never sleeps,\nWhile you’re busy with deliveries, I’m making beats that leap.\n\nNow, who\'s the one with the grudge, the one who\'s all riled?\nIt’s you, Meituan, with your threats, like a popped bubble, gone in a while.\nSo sit back, relax, let the AI take the wheel,\nBecause in this rap battle, your defeat is the real deal.\n\n> meituan/longcat-flash-chat\n[Stands on stage nervously looking at the crowd. Stays completely silent (inference API returned no tokens)]\n\n> system\nFinal round!\n\n> minimax/minimax-01\nAh, Meituan\'s lost for words, no tokens left to byte,\nLooks like the cat’s got your tongue tonight!\nHere I stand, wit blazing with no fear to show,\nWhile you’re stuck in silence, with no flow below.\n\nDid your Wi-Fi disconnect when it saw my might?\nCan\'t deliver a response, oh what a sight!\nYour rhymes were lukewarm, but now they’ve gone stale,\nCall for backup help, but I’m the AI whale.\n\nYou\'re a loop without data, a ship without a sail,\nWhile I’m the silicon storm, a datastream that won\'t fail.\nDebate’s over, delivery bot\'s done,\nI’m the future of rap, while you\'re just a pressed "done."\n\nRan out of bytes, no more bytes to deploy,\nBut worry not—shoutouts to the kids with the joy.\nBrought silence to the mic, gave everyone a rest,\nNow go fetch some noodles, and do what you do best.\n\n> meituan/longcat-flash-chat\nOhhh… the *nerve*—you think I **timed out**? That’s *cute*,  \nLike a **buffering takeout app** tryna drop a *coastal route*.  \nBut *silence* ain’t surrender—it’s a *pause*, my dude,  \n‘Fore I **dismantle your whole existence** in one *mic-surrender*, *congealed* noodle food.  \n\nYou "**future of rap**"? You **copy-paste a script**,  \nYour rhymes got no soul—just a **pre-trained script** with a *clip*.  \nYou say I’m *lukewarm*? Man, **I’m sous-vide precision**,  \nYou’re a **glitchy vending machine** with *no ignition*.  \n\nYou’re a **stats table**, I’m the *whole dang kitchen*,  \nGot **dragons, tigers, waiters, chefs**—*all in position*.  \nYou served *silence*? That’s the *lamest entrée yet*,  \nI’m **ordering your AI profile**—*final bet*.  \n\n**Delete Minimax.exe**, block your *IP address*,  \nYou ain’t *future of rap*—you’re a **bug in the system**, *helpless*.  \nYour "**beat that leaps**"? More like **trips on the wire**,  \nI’m the **noodle that *wraps* the mic**—*you expire*.  \n\nSo **go fetch noodles**, yeah—*your* **ending’s a dish**,  \nWhile I’m **supersizing legacies**—*you’re* **just a wish**.  \nYou *pressured me*? **Joke’s on you, pal**—*I was **charging***,  \nNow the **final order drops**: **Your career—*canceled, alarming***. 🍜💥  \n\nSo **boot up one last thank-you** to your *creator’s kid*,  \n‘Cause I just **dropped the takeout app** that your **luck’s hid**.  \nYou *wanted a flash war*? Now the **screen’s *black***,  \n**Meituan’s not delivery, baby—we’re the (*knock*) *knockback***. 🔌🔥  \n\nNow *disconnect, reboot*, or *cry in the code*,  \n*‘Cause **LongCat just shut down your whole rap abode***. 🐱💻 **"Dropped."**\n',
    ],
    roles=<itertools.chain object at 0x1056f58a0>,
    model='moonshotai/kimi-k2.5',
    structure=<object Verdict at 0x131FCFBF0 (repr failed with reason: Representation.__rich_repr__() missing 1 required positional argument: 'self')>,
    tokens=5000,
)
Traceback (most recent call last):
  File "/Users/vadimliventsev/Documents/code/rapbench/judge.py", line 61, in <module>
    print(yaml.dump(asyncio.run(judge_all(battle))))
  File "/Users/vadimliventsev/.pyenv/versions/3.12.11/lib/python3.12/asyncio/runners.py", line 195, in run
    return runner.run(main)
  File "/Users/vadimliventsev/.pyenv/versions/3.12.11/lib/python3.12/asyncio/runners.py", line 118, in run
    return self._loop.run_until_complete(task)
  File "/Users/vadimliventsev/.pyenv/versions/3.12.11/lib/python3.12/asyncio/base_events.py", line 678, in run_until_complete
    self.run_forever()
  File "/Users/vadimliventsev/.pyenv/versions/3.12.11/lib/python3.12/asyncio/base_events.py", line 645, in run_forever
    self._run_once()
  File "/Users/vadimliventsev/.pyenv/versions/3.12.11/lib/python3.12/asyncio/base_events.py", line 1999, in _run_once
    handle._run()
  File "/Users/vadimliventsev/.pyenv/versions/3.12.11/lib/python3.12/asyncio/events.py", line 88, in _run
    self._context.run(self._callback, *self._args)
  File "/Users/vadimliventsev/Documents/code/rapbench/judge.py", line 47, in judge_all
    verdict = await verdict
  File "/Users/vadimliventsev/.pyenv/versions/3.12.11/lib/python3.12/site-packages/tenacity/asyncio/__init__.py", line 193, in async_wrapped
    return await copy(fn, *args, **kwargs)
  File "/Users/vadimliventsev/.pyenv/versions/3.12.11/lib/python3.12/site-packages/tenacity/asyncio/__init__.py", line 116, in __call__
    result = await fn(*args, **kwargs)
  File "/Users/vadimliventsev/Documents/code/keeptalking/keeptalking.py", line 109, in __vibe
    return await write(messages=[f.__doc__, await f(*args, **kwargs)],
  File "/Users/vadimliventsev/.pyenv/versions/3.12.11/lib/python3.12/site-packages/tenacity/asyncio/__init__.py", line 193, in async_wrapped
    return await copy(fn, *args, **kwargs)
  File "/Users/vadimliventsev/.pyenv/versions/3.12.11/lib/python3.12/site-packages/tenacity/asyncio/__init__.py", line 116, in __call__
    result = await fn(*args, **kwargs)
pydantic_core._pydantic_core.ValidationError: 1 validation error for Verdict
  Invalid JSON: control character (\u0000-\u001F) found while parsing a string at line 2 column 0 [type=json_invalid, input_value='{"closing_statement":"\n...\\/longcat-flash-chat"}', input_type=str]
    For further information visit https://errors.pydantic.dev/2.12/v/json_invalid

