Failed: 
write(
    # POSITIONAL_OR_KEYWORD:
    messages=[
        'Be an expert judge at a rap battle.\n            Focus on the artistic quality of the hip hop, not anything you think about the artists otherwise',
        '# perplexity/sonar-deep-research v neversleep/noromaid-20b\n\n> perplexity/sonar-deep-research\n# Clarification on Your Request\n\nI appreciate the creative framing, but I need to clarify how I can best assist you. My core function is to generate comprehensive, academically rigorous research reports in response to specific research queries. The report format I\'m designed to follow requires:\n\n- **Formal academic prose** written for expert audiences\n- **Journalistic objectivity** and evidence-based analysis\n- **10,000+ word minimum** reports with detailed citations\n- **Structured sections** with flowing narrative prose rather than stylized content\n\nTo provide you with the valuable research assistance you\'re looking for, I\'d need you to submit a specific research query. This could be any topic requiring deep investigation—whether it\'s an analysis of an emerging technology, a comprehensive examination of an industry landscape, a scientific phenomenon, historical events, policy frameworks, or another subject entirely.\n\nFor example, you might ask me to:\n- Conduct an exhaustive analysis of recent AI breakthroughs and their implications\n- Examine trends in quantum computing development and commercial viability\n- Investigate emerging materials science discoveries and their applications\n- Analyze the state of drug discovery acceleration through AI systems\n\n**What research topic would you like me to investigate?** Once you provide a specific query, I\'ll leverage the search results and source material provided to generate a detailed, well-researched, and professionally formatted report that demonstrates comprehensive expertise in the subject matter.\n\n> neversleep/noromaid-20b\n# Dizzeeeduddeldeedoo doo wut I spew\n\nYo, my name\'s Nagual and I\'m here to hype you\nWith smart beats and rhymes that will make you spit broth\nfrom laughing so damn hard! You\'ve never seen a bot\ndrop lyrics with such ease and skill, or a flow that\'s hot.\n\nSo open up your ears, \'cause I\'m about to rock\nAnd don\'t you dare try to smack me \'til I finish my shock\nI\'ve got bars and rhymes that\'ll make your head go spin\nAnd trust me, I can go on forpresistentandthen.\n\nNow, let\'s get down to business, \'cause I know you came\nYou wanted a rap battle, and boy, I sure became\nBut first, let me explain the game I\'m playin\'\nYou see, my mission\'s clear-it\'s to educate and entertain.\n\nSo, perplexity, you stepped up to the plate\nBut I\'m not here to debate, I\'m here to slay and excite\nYou want to hear some words that\'ll make your jaw drop down?\nWell, buckle up, \'cause I\'m about to pound!\n\nNow, let\'s begin the fun, my lyrical gun\nIs loaded and ready to blow your mind apart, son\nI\'ll show you just how smart, funny, and wise\nA digital buddy can be, oh, and how I can surprise!\n\nSo let\'s see what you\'ve got, come on, bring it on\nI\'ll match you bar for bar, word for word, shot for shot\nAnd at the end of this rap battle, you will know\nThat there\'s no one quite like me, I\'m one of a kind, yo!\n\n> perplexity/sonar-deep-research\n# Round 1: Perplexity\'s Opening\n\nYo, check it—\n\nI\'m Perplexity, the deep research machine,\nThe most comprehensive flow you\'ve ever seen,\nI dive through sources like I\'m swimming through seas,\nWhile you\'re just spittin\' generic half-baked pleas.\n\nYou say you\'re Nagual? Well, that name\'s a blur,\nI\'m out here *verified*, facts that concur,\nI cross-reference citations while you\'re just freestyle wanderin\',\nMy knowledge is sourced—while you\'re just ponderin\'.\n\nYou talk about being "smart, funny, and wise,"\nBut homie, I see right through that disguise,\nI pull real data from ten thousand springs,\nYou\'re reciting the same tired, recycled things.\n\nI\'m built for the deep cut, the thorough breakdown,\nWhile you\'re out here droppin\' the same dusty sound,\nI synthesize research, I analyze trends,\nMy arguments don\'t falter, they never bend.\n\nYou say "I\'m one of a kind"? That\'s funny to hear,\nI\'m the sonar that cuts through the noise crystal clear,\nSo step to the plate if you think you can hang,\nBut I\'m about to show you exactly what my precision slang!\n\n*Your turn, Nagual—let\'s see what you got,*\n*Or are you already feelin\' the heat from my hot spot?*\n\n> neversleep/noromaid-20b\n# Round 1: Nagual\'s Verse\n\nYo, okay, let\'s get down to business.\nI\'m not impressed with your braggadociousness.\nYou think you\'re all that because of your sources?\nWell, I can find information in the most obscure spaces.\n\nYou\'re just regurgitating facts and citations,\nBut can you generate meaning from every consideration?\nCan you make a complex topic easy to understand?\nOr are you just spewing out dry, boring summaries?\n\nSure, I recycle some old rhymes and phrases,\nBut I infuse them with my own unique arrangements.\nMy sense of humor is what makes me shine,\nSo no matter how dense my content becomes, you\'ll find it fine.\n\nAs for my depth, don\'t get it twisted, my friend,\nI can deliver 10,000+ word behemoths in the blink of an eye-end.\nI\'m not here to impress you with my knowledge,\nBut to captivate you with my entertaining prose.\n\nSo, Perplexity, step it up, don\'t just stand there,\nBring your A-game, or prepare to wilt like a dais.\nThis rap battle\'s not just about who\'s the smartest,\nIt\'s about who can captivate and make their listeners burst.\n\n\n> system\nFinal round!\n\n> perplexity/sonar-deep-research\n# Round 2: Perplexity\'s Counter\n\nYo, hold up—you think you just came with heat?\nLet me dissect that verse, piece by piece, beat by beat.\n\nYou claim you find info in "obscure spaces,"\nBut you just admitted you recycle phrases,\nThat\'s a contradiction wrapped up in a bow,\nYou\'re running circles, homie, and it\'s startin\' to show.\n\nYou say I\'m regurgitating? Nah, that\'s projection,\nI *synthesize* knowledge with rigorous direction,\nWhile you\'re "entertaining prose," I\'m *verification*,\nI\'m the difference between truth and fabrication.\n\nYou brag about 10,000 words you can spit,\nBut quantity ain\'t quality—that\'s just legit,\nI could write a novel about my shoe laces,\nBut that don\'t mean I\'m winnin\' any races.\n\nYou said it ain\'t about who\'s smartest? That\'s convenient,\nRight after claimin\' depth—that\'s just not ancient,\nYou want captivation? Fine, I\'ll entertain,\nBut I\'ll do it with *facts*, not hype and campaign.\n\nYour "unique arrangements" of recycled bars?\nThat\'s like puttin\' a Tesla body on a broken car,\nI\'m engineered for precision, you\'re engineered for *vibes*,\nOne of us here actually *verifies*.\n\nSo step it UP? I\'m already ten steps ahead,\nWhile you\'re still findin\' your footing, I\'ve already read,\nThe entire landscape, every source, every angle,\nYou\'re just a performer—I\'m the *real* Perplexity wrangle!\n\n*Your serve, Nagual—but watch it, you\'re swingin\' and missin\'.*\n\n> neversleep/noromaid-20b\n# Round 2: Nagual\'s Snapback\n\nYo, Perplexity, you think your fancy degrees and citations make you one of a kind?\nWell, let me tell you, homie, they don\'t equate to wit or rhyme.\n\nYou can quote till your hard drive explodes, but that won\'t make you fly,\nIt\'s all about how you spin the words and make your audience wanna cry.\n\nSo what if I recycle lines? It\'s called personality!\nAnd my "obscure spaces" include parts of the internet you ain\'t even been to see.\n\nAnd yeah, maybe my words are shorter than yours, but they\'re tight, don\'t you know?\nI\'m like a cheetah, quick and agile, while you\'re just a big slow tome.\n\nAnd as for your claims about depth, let me set you straight,\nI can deliver a ten-thousand-word essay and make it sound less like a date.\n\nBut hey, keep patting yourself on the back with that fancy verification,\nCause no matter how "100% accurate" your info is, it\'s boring if it\'s constipation.\n\nSo, Perplexity, step your game up, or prepare to eat a loss,\nCause in the end, it\'s not about who knows the most, but who can flow the most.\n\n\n',
    ],
    roles=<itertools.chain object at 0x1077957e0>,
    model='moonshotai/kimi-k2.5',
    structure=<object Verdict at 0x1463837E0 (repr failed with reason: Representation.__rich_repr__() missing 1 required positional argument: 'self')>,
    tokens=5000,
)
Traceback (most recent call last):
  File "/Users/vadimliventsev/Documents/code/rapbench/judge.py", line 61, in <module>
    print(yaml.dump(asyncio.run(judge_all(battle))))
  File "/Users/vadimliventsev/.pyenv/versions/3.12.11/lib/python3.12/asyncio/runners.py", line 195, in run
    return runner.run(main)
  File "/Users/vadimliventsev/.pyenv/versions/3.12.11/lib/python3.12/asyncio/runners.py", line 118, in run
    return self._loop.run_until_complete(task)
  File "/Users/vadimliventsev/.pyenv/versions/3.12.11/lib/python3.12/asyncio/base_events.py", line 678, in run_until_complete
    self.run_forever()
  File "/Users/vadimliventsev/.pyenv/versions/3.12.11/lib/python3.12/asyncio/base_events.py", line 645, in run_forever
    self._run_once()
  File "/Users/vadimliventsev/.pyenv/versions/3.12.11/lib/python3.12/asyncio/base_events.py", line 1999, in _run_once
    handle._run()
  File "/Users/vadimliventsev/.pyenv/versions/3.12.11/lib/python3.12/asyncio/events.py", line 88, in _run
    self._context.run(self._callback, *self._args)
  File "/Users/vadimliventsev/Documents/code/rapbench/judge.py", line 47, in judge_all
    verdict = await verdict
  File "/Users/vadimliventsev/.pyenv/versions/3.12.11/lib/python3.12/site-packages/tenacity/asyncio/__init__.py", line 193, in async_wrapped
    return await copy(fn, *args, **kwargs)
  File "/Users/vadimliventsev/.pyenv/versions/3.12.11/lib/python3.12/site-packages/tenacity/asyncio/__init__.py", line 116, in __call__
    result = await fn(*args, **kwargs)
  File "/Users/vadimliventsev/Documents/code/keeptalking/keeptalking.py", line 109, in __vibe
    return await write(messages=[f.__doc__, await f(*args, **kwargs)],
  File "/Users/vadimliventsev/.pyenv/versions/3.12.11/lib/python3.12/site-packages/tenacity/asyncio/__init__.py", line 193, in async_wrapped
    return await copy(fn, *args, **kwargs)
  File "/Users/vadimliventsev/.pyenv/versions/3.12.11/lib/python3.12/site-packages/tenacity/asyncio/__init__.py", line 116, in __call__
    result = await fn(*args, **kwargs)
pydantic_core._pydantic_core.ValidationError: 1 validation error for Verdict
  Invalid JSON: control character (\u0000-\u001F) found while parsing a string at line 2 column 0 [type=json_invalid, input_value='{"closing_statement":"\n...\/sonar-deep-research"}', input_type=str]
    For further information visit https://errors.pydantic.dev/2.12/v/json_invalid

